// Jest Snapshot v1, https://goo.gl/fbAQLP

exports[`Form should render without throwing an error 1`] = `
<form
  onSubmit={[Function]}
>
  <div
    className="input"
  >
    <label
      htmlFor="accountId"
    >
      Account ID
    </label>
    <br />
    <input
      className=""
      name="accountId"
      onChange={[Function]}
      placeholder="Account ID"
      type="text"
      value="ACC334455"
    />
  </div>
  <div
    className="input"
  >
    <label
      htmlFor="fromDate"
    >
      From Date
    </label>
    <br />
    <input
      className=""
      name="fromDate"
      onChange={[Function]}
      placeholder="From Date"
      type="text"
      value="20/10/2018 12:00:00"
    />
  </div>
  <div
    className="input"
  >
    <label
      htmlFor="toDate"
    >
      To Date
    </label>
    <br />
    <input
      className=""
      name="toDate"
      onChange={[Function]}
      placeholder="To Date"
      type="text"
      value="20/10/2018 19:00:00"
    />
  </div>
  <div
    className="m-2"
  >
    
  </div>
  <button
    className="mt-3 button"
    disabled={false}
    onClick={[Function]}
    type="submit"
  >
    Calculate
  </button>
</form>
`;
