// Jest Snapshot v1, https://goo.gl/fbAQLP

exports[`Form should render without throwing an error 1`] = `
<form
  onSubmit={[Function]}
>
  <div
    className="input"
  >
    <label
      htmlFor="accountId"
    >
      Account ID
    </label>
    <br />
    <input
      name="accountId"
      onChange={[Function]}
      placeholder="Account ID"
      type="text"
      value="ACC334455"
    />
  </div>
  <div
    className="input"
  >
    <label
      htmlFor="fromDate"
    >
      From
    </label>
    <br />
    <input
      name="fromDate"
      onChange={[Function]}
      placeholder="From"
      type="datetime-local"
      value="2018-10-20T00:00"
    />
  </div>
  <div
    className="input"
  >
    <label
      htmlFor="toDate"
    >
      To
    </label>
    <br />
    <input
      name="toDate"
      onChange={[Function]}
      placeholder="To"
      type="datetime-local"
      value="2018-10-20T19:00"
    />
  </div>
  <button
    className="mt-3 button"
    onClick={[Function]}
    type="submit"
  >
    Calculate
  </button>
</form>
`;
