// Jest Snapshot v1, https://goo.gl/fbAQLP

exports[`Input should render without throwing an error 1`] = `
<div
  className="input"
>
  <label
    htmlFor="input"
  />
  <br />
  <input
    className=""
    id="input"
    name="input"
    onChange={[Function]}
    placeholder="test input"
    type="text"
    value="test"
  />
</div>
`;
